Performing C SOURCE FILE Test CMAKE_HAVE_LIBC_PTHREAD failed with the following output:
Change Dir: /home/reicom2025/ros_workspace/build/CMakeFiles/CMakeTmp

<<<<<<< HEAD
Run Build Command(s):/usr/bin/make cmTC_44a8f/fast && /usr/bin/make -f CMakeFiles/cmTC_44a8f.dir/build.make CMakeFiles/cmTC_44a8f.dir/build
make[1]: Entering directory '/home/reicom2025/ros_workspace/build/CMakeFiles/CMakeTmp'
Building C object CMakeFiles/cmTC_44a8f.dir/src.c.o
/usr/bin/cc   -DCMAKE_HAVE_LIBC_PTHREAD   -o CMakeFiles/cmTC_44a8f.dir/src.c.o   -c /home/reicom2025/ros_workspace/build/CMakeFiles/CMakeTmp/src.c
Linking C executable cmTC_44a8f
/usr/bin/cmake -E cmake_link_script CMakeFiles/cmTC_44a8f.dir/link.txt --verbose=1
/usr/bin/cc  -DCMAKE_HAVE_LIBC_PTHREAD    -rdynamic CMakeFiles/cmTC_44a8f.dir/src.c.o  -o cmTC_44a8f 
/usr/bin/ld: CMakeFiles/cmTC_44a8f.dir/src.c.o: in function `main':
=======
Run Build Command(s):/usr/bin/make cmTC_3f2b1/fast && /usr/bin/make -f CMakeFiles/cmTC_3f2b1.dir/build.make CMakeFiles/cmTC_3f2b1.dir/build
make[1]: Entering directory '/home/reicom2025/ros_workspace/build/CMakeFiles/CMakeTmp'
Building C object CMakeFiles/cmTC_3f2b1.dir/src.c.o
/usr/bin/cc   -DCMAKE_HAVE_LIBC_PTHREAD   -o CMakeFiles/cmTC_3f2b1.dir/src.c.o   -c /home/reicom2025/ros_workspace/build/CMakeFiles/CMakeTmp/src.c
Linking C executable cmTC_3f2b1
/usr/bin/cmake -E cmake_link_script CMakeFiles/cmTC_3f2b1.dir/link.txt --verbose=1
/usr/bin/cc  -DCMAKE_HAVE_LIBC_PTHREAD    -rdynamic CMakeFiles/cmTC_3f2b1.dir/src.c.o  -o cmTC_3f2b1 
/usr/bin/ld: CMakeFiles/cmTC_3f2b1.dir/src.c.o: in function `main':
>>>>>>> 00343bbc14d08ede26605833fb6a391630d477dc
src.c:(.text+0x46): undefined reference to `pthread_create'
/usr/bin/ld: src.c:(.text+0x52): undefined reference to `pthread_detach'
/usr/bin/ld: src.c:(.text+0x63): undefined reference to `pthread_join'
collect2: error: ld returned 1 exit status
<<<<<<< HEAD
make[1]: *** [CMakeFiles/cmTC_44a8f.dir/build.make:87: cmTC_44a8f] Error 1
make[1]: Leaving directory '/home/reicom2025/ros_workspace/build/CMakeFiles/CMakeTmp'
make: *** [Makefile:121: cmTC_44a8f/fast] Error 2
=======
make[1]: *** [CMakeFiles/cmTC_3f2b1.dir/build.make:87: cmTC_3f2b1] Error 1
make[1]: Leaving directory '/home/reicom2025/ros_workspace/build/CMakeFiles/CMakeTmp'
make: *** [Makefile:121: cmTC_3f2b1/fast] Error 2
>>>>>>> 00343bbc14d08ede26605833fb6a391630d477dc


Source file was:
#include <pthread.h>

void* test_func(void* data)
{
  return data;
}

int main(void)
{
  pthread_t thread;
  pthread_create(&thread, NULL, test_func, NULL);
  pthread_detach(thread);
  pthread_join(thread, NULL);
  pthread_atfork(NULL, NULL, NULL);
  pthread_exit(NULL);

  return 0;
}

Determining if the function pthread_create exists in the pthreads failed with the following output:
Change Dir: /home/reicom2025/ros_workspace/build/CMakeFiles/CMakeTmp

<<<<<<< HEAD
Run Build Command(s):/usr/bin/make cmTC_20fa4/fast && /usr/bin/make -f CMakeFiles/cmTC_20fa4.dir/build.make CMakeFiles/cmTC_20fa4.dir/build
make[1]: Entering directory '/home/reicom2025/ros_workspace/build/CMakeFiles/CMakeTmp'
Building C object CMakeFiles/cmTC_20fa4.dir/CheckFunctionExists.c.o
/usr/bin/cc   -DCHECK_FUNCTION_EXISTS=pthread_create   -o CMakeFiles/cmTC_20fa4.dir/CheckFunctionExists.c.o   -c /usr/share/cmake-3.16/Modules/CheckFunctionExists.c
Linking C executable cmTC_20fa4
/usr/bin/cmake -E cmake_link_script CMakeFiles/cmTC_20fa4.dir/link.txt --verbose=1
/usr/bin/cc  -DCHECK_FUNCTION_EXISTS=pthread_create    -rdynamic CMakeFiles/cmTC_20fa4.dir/CheckFunctionExists.c.o  -o cmTC_20fa4  -lpthreads 
/usr/bin/ld: cannot find -lpthreads
collect2: error: ld returned 1 exit status
make[1]: *** [CMakeFiles/cmTC_20fa4.dir/build.make:87: cmTC_20fa4] Error 1
make[1]: Leaving directory '/home/reicom2025/ros_workspace/build/CMakeFiles/CMakeTmp'
make: *** [Makefile:121: cmTC_20fa4/fast] Error 2
=======
Run Build Command(s):/usr/bin/make cmTC_0dbe6/fast && /usr/bin/make -f CMakeFiles/cmTC_0dbe6.dir/build.make CMakeFiles/cmTC_0dbe6.dir/build
make[1]: Entering directory '/home/reicom2025/ros_workspace/build/CMakeFiles/CMakeTmp'
Building C object CMakeFiles/cmTC_0dbe6.dir/CheckFunctionExists.c.o
/usr/bin/cc   -DCHECK_FUNCTION_EXISTS=pthread_create   -o CMakeFiles/cmTC_0dbe6.dir/CheckFunctionExists.c.o   -c /usr/share/cmake-3.16/Modules/CheckFunctionExists.c
Linking C executable cmTC_0dbe6
/usr/bin/cmake -E cmake_link_script CMakeFiles/cmTC_0dbe6.dir/link.txt --verbose=1
/usr/bin/cc  -DCHECK_FUNCTION_EXISTS=pthread_create    -rdynamic CMakeFiles/cmTC_0dbe6.dir/CheckFunctionExists.c.o  -o cmTC_0dbe6  -lpthreads 
/usr/bin/ld: cannot find -lpthreads
collect2: error: ld returned 1 exit status
make[1]: *** [CMakeFiles/cmTC_0dbe6.dir/build.make:87: cmTC_0dbe6] Error 1
make[1]: Leaving directory '/home/reicom2025/ros_workspace/build/CMakeFiles/CMakeTmp'
make: *** [Makefile:121: cmTC_0dbe6/fast] Error 2
>>>>>>> 00343bbc14d08ede26605833fb6a391630d477dc



